// Jest Snapshot v1, https://goo.gl/fbAQLP

exports[`matches snapshot 1`] = `
<div>
  <div>
    <div
      class="sc-dkPtRN hXsGEZ"
    >
      <input
        class="sc-hKwDye iCqGiA"
        placeholder="Placeholder"
        required=""
        type="text"
      />
      <svg
        class="sc-iCfMLu iDjjif"
        fill="none"
        height="30"
        viewBox="0 0 30 30"
        width="30"
        xmlns="http://www.w3.org/2000/svg"
      >
        <circle
          cx="15"
          cy="15"
          fill="#EEEEEE"
          r="10"
        />
        <path
          d="M12 12L18 18"
          stroke="#999999"
          stroke-linecap="round"
          stroke-linejoin="round"
          stroke-width="1.2"
        />
        <path
          d="M12 18L18 12"
          stroke="#999999"
          stroke-linecap="round"
          stroke-linejoin="round"
          stroke-width="1.2"
        />
      </svg>
    </div>
  </div>
</div>
`;
