// Jest Snapshot v1, https://goo.gl/fbAQLP

exports[`matches snapshot 1`] = `
<div>
  <div
    class="sc-cxpSdN gsFmek"
    color="black"
  >
    <svg
      class="sc-egiyK jrqYGl"
      color="black"
      fill="none"
      height="23"
      viewBox="0 0 30 30"
      width="23"
      xmlns="http://www.w3.org/2000/svg"
    >
      <path
        clip-rule="evenodd"
        d="M21.2035 13.4418L11.1453 23.5H6.503L6.5 18.8547L16.5582 8.79651L21.2035 13.4418Z"
        fill-rule="evenodd"
        stroke="currentColor"
        stroke-linecap="round"
        stroke-linejoin="round"
        stroke-width="1.8"
        vector-effect="non-scaling-stroke"
      />
      <path
        d="M16.5582 8.79655L18.2903 7.06447C19.0429 6.31184 20.2632 6.31184 21.0158 7.06447L22.9355 8.98421C23.6882 9.73684 23.6882 10.9571 22.9355 11.7097L21.2034 13.4418V13.4418"
        stroke="currentColor"
        stroke-linecap="round"
        stroke-linejoin="round"
        stroke-width="1.8"
        vector-effect="non-scaling-stroke"
      />
    </svg>
  </div>
</div>
`;
